#-----------------------------------------------------------
# Vivado v2023.2 (64-bit)
# SW Build 4029153 on Fri Oct 13 20:13:54 MDT 2023
# IP Build 4028589 on Sat Oct 14 00:45:43 MDT 2023
# SharedData Build 4025554 on Tue Oct 10 17:18:54 MDT 2023
# Start of session at: Fri Jul 26 15:51:36 2024
# Process ID: 384212
# Current directory: /1work/fpgaproc/pf_base_mb_bm_min/pf_base_mb_bm_min.runs/mbblockdesign_util_vector_logic_0_0_synth_1
# Command line: vivado -log mbblockdesign_util_vector_logic_0_0.vds -product Vivado -mode batch -messageDb vivado.pb -notrace -source mbblockdesign_util_vector_logic_0_0.tcl
# Log file: /1work/fpgaproc/pf_base_mb_bm_min/pf_base_mb_bm_min.runs/mbblockdesign_util_vector_logic_0_0_synth_1/mbblockdesign_util_vector_logic_0_0.vds
# Journal file: /1work/fpgaproc/pf_base_mb_bm_min/pf_base_mb_bm_min.runs/mbblockdesign_util_vector_logic_0_0_synth_1/vivado.jou
# Running On: xuser-pc, OS: Linux, CPU Frequency: 1992.003 MHz, CPU Physical cores: 4, Host memory: 8323 MB
#-----------------------------------------------------------
source mbblockdesign_util_vector_logic_0_0.tcl -notrace
