#-----------------------------------------------------------
# Vivado v2023.2 (64-bit)
# SW Build 4029153 on Fri Oct 13 20:13:54 MDT 2023
# IP Build 4028589 on Sat Oct 14 00:45:43 MDT 2023
# SharedData Build 4025554 on Tue Oct 10 17:18:54 MDT 2023
# Start of session at: Wed Jan 22 10:12:22 2025
# Process ID: 362070
# Current directory: /1work/fpgaproc/test_mb_pmod_clp/test_mb_pmod_clp.runs/mbblockdesign_ilmb_bram_if_cntlr_0_synth_1
# Command line: vivado -log mbblockdesign_ilmb_bram_if_cntlr_0.vds -product Vivado -mode batch -messageDb vivado.pb -notrace -source mbblockdesign_ilmb_bram_if_cntlr_0.tcl
# Log file: /1work/fpgaproc/test_mb_pmod_clp/test_mb_pmod_clp.runs/mbblockdesign_ilmb_bram_if_cntlr_0_synth_1/mbblockdesign_ilmb_bram_if_cntlr_0.vds
# Journal file: /1work/fpgaproc/test_mb_pmod_clp/test_mb_pmod_clp.runs/mbblockdesign_ilmb_bram_if_cntlr_0_synth_1/vivado.jou
# Running On: xuser-pc, OS: Linux, CPU Frequency: 1991.997 MHz, CPU Physical cores: 4, Host memory: 16766 MB
#-----------------------------------------------------------
source mbblockdesign_ilmb_bram_if_cntlr_0.tcl -notrace
